18-Aug-26 19:28:40 | nlb - INFO - Start getting NLB routes
18-Aug-26 19:36:28 | nlb - ERROR - Other error occurred: Server error '502 Bad Gateway' for url 'https://rt.data.gov.hk/v2/transport/nlb/stop.php?action=list&routeId=6'
For more information check: https://developer.mozilla.org/en-US/docs/Web/HTTP/Status/502
18-Aug-26 19:36:28 | nlb - ERROR - Server error '502 Bad Gateway' for url 'https://rt.data.gov.hk/v2/transport/nlb/stop.php?action=list&routeId=6'
For more information check: https://developer.mozilla.org/en-US/docs/Web/HTTP/Status/502
Traceback (most recent call last):
  File "/home/runner/work/BusData/BusData/action/NLB_Route.py", line 114, in main
    nlbList += await asyncio.gather(*tasks)
               ^^^^^^^^^^^^^^^^^^^^^^^^^^^^
  File "/home/runner/work/BusData/BusData/action/NLB_Route.py", line 94, in limited_getStopList
    return await getStopList(client, nr)
           ^^^^^^^^^^^^^^^^^^^^^^^^^^^^^
  File "/home/runner/work/BusData/BusData/action/NLB_Route.py", line 53, in getStopList
    stopListResponse = await GetRoute.async_get_with_retry(client, stopListUrl)
                       ^^^^^^^^^^^^^^^^^^^^^^^^^^^^^^^^^^^^^^^^^^^^^^^^^^^^^^^^
  File "/home/runner/work/BusData/BusData/action/GetRoute.py", line 76, in async_get_with_retry
    raise e
  File "/home/runner/work/BusData/BusData/action/GetRoute.py", line 62, in async_get_with_retry
    response.raise_for_status()
    ~~~~~~~~~~~~~~~~~~~~~~~~~^^
  File "/opt/hostedtoolcache/Python/3.13.15/x64/lib/python3.13/site-packages/httpx/_models.py", line 829, in raise_for_status
    raise HTTPStatusError(message, request=request, response=self)
httpx.HTTPStatusError: Server error '502 Bad Gateway' for url 'https://rt.data.gov.hk/v2/transport/nlb/stop.php?action=list&routeId=6'
For more information check: https://developer.mozilla.org/en-US/docs/Web/HTTP/Status/502
